CIDR notation of n like "192.0.2.1/24"
or "2001:db8::/48"

// IP address lengths (bytes).
const (
	IPv4len = 4
	IPv6len = 16
)


// Well-known IPv4 addresses
var (
	IPv4bcast     = IPv4(255, 255, 255, 255) // limited broadcast
	IPv4allsys    = IPv4(224, 0, 0, 1)       // all systems
	IPv4allrouter = IPv4(224, 0, 0, 2)       // all routers
	IPv4zero      = IPv4(0, 0, 0, 0)         // all zeros
)

// Well-known IPv6 addresses
var (
	IPv6zero                   = IP{0, 0, 0, 0, 0, 0, 0, 0, 0, 0, 0, 0, 0, 0, 0, 0}
	IPv6unspecified            = IP{0, 0, 0, 0, 0, 0, 0, 0, 0, 0, 0, 0, 0, 0, 0, 0}
	IPv6loopback               = IP{0, 0, 0, 0, 0, 0, 0, 0, 0, 0, 0, 0, 0, 0, 0, 1}
	IPv6interfacelocalallnodes = IP{0xff, 0x01, 0, 0, 0, 0, 0, 0, 0, 0, 0, 0, 0, 0, 0, 0x01}
	IPv6linklocalallnodes      = IP{0xff, 0x02, 0, 0, 0, 0, 0, 0, 0, 0, 0, 0, 0, 0, 0, 0x01}
	IPv6linklocalallrouters    = IP{0xff, 0x02, 0, 0, 0, 0, 0, 0, 0, 0, 0, 0, 0, 0, 0, 0x02}
)

$ ping 192.0.2.45
PING 192.0.2.45 (192.0.2.45) 56(84) bytes of data.
64 bytes from 192.0.2.45: icmp_req=1 ttl=53 time=40.4 ms
64 bytes from 192.0.2.45: icmp_req=2 ttl=53 time=39.6 ms

$ ping6 -I swp1 2001::db8:ff:fe00:2
PING 2001::db8:ff:fe00:2(2001::db8:ff:fe00:2) from 2001::db8:ff:fe00:1 swp1: 56 data bytes
64 bytes from 2001::db8:ff:fe00:2: icmp_seq=1 ttl=64 time=1.43 ms
64 bytes from 2001::db8:ff:fe00:2: icmp_seq=2 ttl=64 time=0.927 ms

$ traceroute www.google.com
traceroute to www.google.com (74.125.239.49), 30 hops max, 60 byte packets
1  cumulusnetworks.com (192.168.1.1)  0.614 ms  0.863 ms  0.932 ms
...
5  core2-1-1-0.pao.net.google.com (198.32.176.31)  22.347 ms  22.584 ms  24.328 ms
6  216.239.49.250 (216.239.49.250)  24.371 ms  25.757 ms  25.987 ms
7  72.14.232.35 (72.14.232.35)  27.505 ms  22.925 ms  22.323 ms
8  nuq04s19-in-f17.1e100.net (74.125.239.49)  23.544 ms  21.851 ms  22.604 ms

$ arp -a
? (11.0.2.2) at 00:02:00:00:00:10 [ether] on swp3
? (11.0.3.2) at 00:02:00:00:00:01 [ether] on swp4
? (11.0.0.2) at 44:38:39:00:01:c1 [ether] on swp1

$ arp -d 11.0.2.2
$ arp -a
? (11.0.2.2) at <incomplete> on swp3
? (11.0.3.2) at 00:02:00:00:00:01 [ether] on swp4
? (11.0.0.2) at 44:38:39:00:01:c1 [ether] on swp1

arp -s 11.0.2.2 00:02:00:00:00:10
$ arp -a
? (11.0.2.2) at 00:02:00:00:00:10 [ether] PERM on swp3
? (11.0.3.2) at 00:02:00:00:00:01 [ether] on swp4
? (11.0.0.2) at 44:38:39:00:01:c1 [ether] on swp1

Generating Traffic Using mz

to send two sets of packets to TCP port 23 and 24, with source IP 11.0.0.1 and destination 11.0.0.2, do the following:
$ sudo mz swp1 -A 11.0.0.1 -B 11.0.0.2 -c 2 -v -t tcp "dp=23-24"
This system supports a high resolution clock.
 The clock resolution is 4000250 nanoseconds.
Mausezahn will send 4 frames...
 IP:  ver=4, len=40, tos=0, id=0, frag=0, ttl=255, proto=6, sum=0, SA=11.0.0.1, DA=11.0.0.2,
      payload=[see next layer]
 TCP: sp=0, dp=23, S=42, A=42, flags=0, win=10000, len=20, sum=0,
      payload=

 IP:  ver=4, len=40, tos=0, id=0, frag=0, ttl=255, proto=6, sum=0, SA=11.0.0.1, DA=11.0.0.2,
      payload=[see next layer]
 TCP: sp=0, dp=24, S=42, A=42, flags=0, win=10000, len=20, sum=0,
      payload=

 IP:  ver=4, len=40, tos=0, id=0, frag=0, ttl=255, proto=6, sum=0, SA=11.0.0.1, DA=11.0.0.2,
      payload=[see next layer]
 TCP: sp=0, dp=23, S=42, A=42, flags=0, win=10000, len=20, sum=0,
      payload=

 IP:  ver=4, len=40, tos=0, id=0, frag=0, ttl=255, proto=6, sum=0, SA=11.0.0.1, DA=11.0.0.2,
      payload=[see next layer]
 TCP: sp=0, dp=24, S=42, A=42, flags=0, win=10000, len=20, sum=0,
      payload=

*********************************************************************************************
DNS
$ dig google.com

; <<>> DiG 9.11.3-1ubuntu1.1-Ubuntu <<>> google.com
;; global options: +cmd
;; Got answer:
;; ->>HEADER<<- opcode: QUERY, status: NOERROR, id: 52620
;; flags: qr rd ra; QUERY: 1, ANSWER: 1, AUTHORITY: 0, ADDITIONAL: 1

;; OPT PSEUDOSECTION:
; EDNS: version: 0, flags:; udp: 65494
;; QUESTION SECTION:
;google.com.			IN	A

;; ANSWER SECTION:
google.com.		278	IN	A	172.217.0.46

;; Query time: 13 msec
;; SERVER: 127.0.0.53#53(127.0.0.53)
;; WHEN: Thu Jul 12 15:22:08 PDT 2018
;; MSG SIZE  rcvd: 55


$ dig google.com MX

; <<>> DiG 9.11.3-1ubuntu1.1-Ubuntu <<>> google.com MX
;; global options: +cmd
;; Got answer:
;; ->>HEADER<<- opcode: QUERY, status: NOERROR, id: 7335
;; flags: qr rd ra; QUERY: 1, ANSWER: 5, AUTHORITY: 0, ADDITIONAL: 1

;; OPT PSEUDOSECTION:
; EDNS: version: 0, flags:; udp: 65494
;; QUESTION SECTION:
;google.com.			IN	MX

;; ANSWER SECTION:
google.com.		172	IN	MX	40 alt3.aspmx.l.google.com.
google.com.		172	IN	MX	10 aspmx.l.google.com.
google.com.		172	IN	MX	50 alt4.aspmx.l.google.com.
google.com.		172	IN	MX	20 alt1.aspmx.l.google.com.
google.com.		172	IN	MX	30 alt2.aspmx.l.google.com.

;; Query time: 12 msec
;; SERVER: 127.0.0.53#53(127.0.0.53)
;; WHEN: Thu Jul 12 15:22:44 PDT 2018
;; MSG SIZE  rcvd: 147

